=== npm publish attempt 2026-10-01 12:17 UTC ===
token present: yes (length 40)
--- npm whoami ---
mriz16
--- npm version ---
v1.0.258
--- npm publish ---
npm warn publish npm auto-corrected some errors in your package.json when publishing.  Please run "npm pkg fix" to address these errors.
npm warn publish errors corrected:
npm warn publish "repository.url" was normalized to "git+https://github.com/mriz16/mc-ai-data.git"
npm notice
npm notice 📦  mc-ai-data-mriz16@1.0.258
npm notice Tarball Contents
npm notice 3.5kB data/diagnostic.json
npm notice 7.9MB data/latest.json
npm notice 155B data/npm-publish.log
npm notice 355B package.json
npm notice Tarball Details
npm notice name: mc-ai-data-mriz16
npm notice version: 1.0.258
npm notice filename: mc-ai-data-mriz16-1.0.258.tgz
npm notice package size: 1.2 MB
npm notice unpacked size: 7.9 MB
npm notice shasum: e99a32018691b7578d692af64c13a79d79a5047c
npm notice integrity: sha512-5qjWhX/2ailef[...]QTipsYKvL+t4Q==
npm notice total files: 4
npm notice
npm notice Publishing to https://registry.npmjs.org/ with tag latest and public access
npm notice Your package is being processed and may take a few minutes to become available.
+ mc-ai-data-mriz16@1.0.258
exit code: 0
